[["(0010,0010) PN [HAYDN^FRANZ^JOSEPH]"], ["(0010,0010) PN [VIVALDI^ANTONIO ]"], ["(0010,0010) PN [MOZART^WOLFGANG^AMADEUS ]"], ["(0010,0010) PN [VIVALDI^ANTONIO ]"], ["(0010,0010) PN [VIVALDI^ANTONIO ]"], ["(0010,0010) PN [HAYDN^FRANZ^JOSEPH]"], ["(0010,0010) PN [MOZART^WOLFGANG^AMADEUS ]"], ["(0010,0010) PN [HAYDN^FRANZ^JOSEPH]"], ["(0010,0010) PN [BEETHOVEN^LUDWIG^VAN]"], ["(0010,0010) PN [BEETHOVEN^LUDWIG^VAN]"]]