[["(0008,0050) SH [00004 ]", "(0010,0010) PN [HAYDN^FRANZ^JOSEPH]", "(0010,0020) LO [HF]", "(0010,0030) DA [17320431]", "(0010,0040) CS [M ]", "(0010,2000) LO [ABZESS]", "(0010,2110) LO [TANTAL]", "(0020,000d) UI [1.2.276.0.7230010.3.2.104]", "(0032,1032) PN [MILLER]", "(0032,1060) LO [EXAM67]", "(0040,0100) SQ (Sequence with explicit length", "(fffe,e0dd) na (SequenceDelimitationItem for re-encod.)", "(0040,1001) SH [RP634265]", "(0040,1003) SH [LOW ]"], ["(0008,0050) SH [00002 ]", "(0010,0010) PN [VIVALDI^ANTONIO ]", "(0010,0020) LO [AV35674 ]", "(0010,0030) DA [16780304]", "(0010,0040) CS [M ]", "(0010,2000) LO [ABZESS]", "(0010,2110) LO [BARIUMSULFAT]", "(0020,000d) UI [1.2.276.0.7230010.3.2.102]", "(0032,1032) PN [NEWMAN]", "(0032,1060) LO [EXAM5464]", "(0040,0100) SQ (Sequence with explicit length", "(fffe,e0dd) na (SequenceDelimitationItem for re-encod.)", "(0040,1001) SH [RP488M9439]", "(0040,1003) SH [HIGH]"], ["(0008,0050) SH [00009 ]", "(0010,0010) PN [MOZART^WOLFGANG^AMADEUS ]", "(0010,0020) LO [MWA484763 ]", "(0010,0030) DA [17911205]", "(0010,0040) CS [M ]", "(0010,2000) LO [ABZESS]", "(0010,2110) LO [BARIUMSULFAT]", "(0020,000d) UI [1.2.276.0.7230010.3.2.109]", "(0032,1032) PN [MEIER ]", "(0032,1060) LO [EXAM78]", "(0040,0100) SQ (Sequence with explicit length", "(fffe,e0dd) na (SequenceDelimitationItem for re-encod.)", "(0040,1001) SH [RP34734H328 ]", "(0040,1003) SH [HIGH]"], ["(0008,0050) SH [00000 ]", "(0010,0010) PN [VIVALDI^ANTONIO ]", "(0010,0020) LO [AV35674 ]", "(0010,0030) DA [16780304]", "(0010,0040) CS [M ]", "(0010,2000) LO [METASTASIS]", "(0010,2110) LO [TANTAL]", "(0020,000d) UI [1.2.276.0.7230010.3.2.101]", "(0032,1032) PN [SMITH ]", "(0032,1060) LO [EXAM6 ]", "(0040,0100) SQ (Sequence with explicit length", "(fffe,e0dd) na (SequenceDelimitationItem for re-encod.)", "(0040,1001) SH [RP454G234 ]", "(0040,1003) SH [LOW ]"], ["(0008,0050) SH [00003 ]", "(0010,0010) PN [VIVALDI^ANTONIO ]", "(0010,0020) LO [AV35674 ]", "(0010,0030) DA [16780304]", "(0010,0040) CS [M ]", "(0010,2000) LO [LEUKEMIA]", "(0010,2110) LO [WISMUT]", "(0020,000d) UI [1.2.276.0.7230010.3.2.103]", "(0032,1032) PN [FALK]", "(0032,1060) LO [EXAM567 ]", "(0040,0100) SQ (Sequence with explicit length", "(fffe,e0dd) na (SequenceDelimitationItem for re-encod.)", "(0040,1001) SH [RP56567 ]", "(0040,1003) SH [HIGH]"], ["(0008,0050) SH [00005 ]", "(0010,0010) PN [HAYDN^FRANZ^JOSEPH]", "(0010,0020) LO [HF]", "(0010,0030) DA [17320431]", "(0010,0040) CS [M ]", "(0010,2000) LO [ABZESS]", "(0010,2110) LO [THORIUM ]", "(0020,000d) UI [1.2.276.0.7230010.3.2.105]", "(0032,1032) PN [NEWMAN]", "(0032,1060) LO [EXAM8759]", "(0040,0100) SQ (Sequence with explicit length", "(fffe,e0dd) na (SequenceDelimitationItem for re-encod.)", "(0040,1001) SH [RP4734734 ]", "(0040,1003) SH [LOW ]"], ["(0008,0050) SH [00001 ]", "(0010,0010) PN [MOZART^WOLFGANG^AMADEUS ]", "(0010,0020) LO [MWA484763 ]", "(0010,0030) DA [17911205]", "(0010,0040) CS [M ]", "(0010,2000) LO [ABZESS]", "(0010,2110) LO [BARIUMSULFAT]", "(0020,000d) UI [1.2.276.0.7230010.3.2.110]", "(0032,1032) PN [MILLER]", "(0032,1060) LO [EXAM8 ]", "(0040,0100) SQ (Sequence with explicit length", "(fffe,e0dd) na (SequenceDelimitationItem for re-encod.)", "(0040,1001) SH [RP4474]", "(0040,1003) SH [LOW ]"], ["(0008,0050) SH [00006 ]", "(0010,0010) PN [HAYDN^FRANZ^JOSEPH]", "(0010,0020) LO [HF]", "(0010,0030) DA [17320431]", "(0010,0040) CS [M ]", "(0010,2000) LO [ABZESS]", "(0010,2110) LO [BARIUMSULFAT]", "(0020,000d) UI [1.2.276.0.7230010.3.2.106]", "(0032,1032) PN [FALK]", "(0032,1060) LO [EXAM758 ]", "(0040,0100) SQ (Sequence with explicit length", "(fffe,e0dd) na (SequenceDelimitationItem for re-encod.)", "(0040,1001) SH [RP57463 ]", "(0040,1003) SH [LOW ]"], ["(0008,0050) SH [00008 ]", "(0010,0010) PN [BEETHOVEN^LUDWIG^VAN]", "(0010,0020) LO [BLV734623 ]", "(0010,0030) DA [18270326]", "(0010,0040) CS [M ]", "(0010,2000) LO [METASTASIS]", "(0010,2110) LO [THORIUM ]", "(0020,000d) UI [1.2.276.0.7230010.3.2.108]", "(0032,1032) PN [CLARK ]", "(0032,1060) LO [EXAM857 ]", "(0040,0100) SQ (Sequence with explicit length", "(fffe,e0dd) na (SequenceDelimitationItem for re-encod.)", "(0040,1001) SH [RP472 ]", "(0040,1003) SH [LOW ]"], ["(0008,0050) SH [00007 ]", "(0010,0010) PN [BEETHOVEN^LUDWIG^VAN]", "(0010,0020) LO [BLV734623 ]", "(0010,0030) DA [18270326]", "(0010,0040) CS [M ]", "(0010,2000) LO [METASTASIS]", "(0010,2110) LO [WISMUT]", "(0020,000d) UI [1.2.76.0.7230010.3.2.107]", "(0032,1032) PN [ROSS]", "(0032,1060) LO [EXAM8 ]", "(0040,0100) SQ (Sequence with explicit length", "(fffe,e0dd) na (SequenceDelimitationItem for re-encod.)", "(0040,1001) SH [RP44580 ]", "(0040,1003) SH [HIGH]"]]