[["(0010,0010) PN [MOZART^WOLFGANG^AMADEUS ]", "(0040,0100) SQ (Sequence with explicit length", "(fffe,e0dd) na (SequenceDelimitationItem for re-encod.)", "(0040,1001) SH [RP34734H328 ]"]]