[["(0008,0050) SH [00009 ]", "(0010,0010) PN [MOZART^WOLFGANG^AMADEUS ]", "(0010,0020) LO [MWA484763 ]", "(0010,0030) DA [17911205]", "(0010,0040) CS [M ]", "(0010,2000) LO [ABZESS]", "(0010,2110) LO [BARIUMSULFAT]", "(0020,000d) UI [1.2.276.0.7230010.3.2.109]", "(0032,1032) PN [MEIER ]", "(0032,1060) LO [EXAM78]", "(0040,0100) SQ (Sequence with explicit length", "(fffe,e0dd) na (SequenceDelimitationItem for re-encod.)", "(0040,1001) SH [RP34734H328 ]", "(0040,1003) SH [HIGH]"]]