[["(0008,0050) SH [00002 ]", "(0010,0010) PN [VIVALDI^ANTONIO ]", "(0010,0020) LO [AV35674 ]", "(0010,0030) DA [16780304]", "(0010,0040) CS [M ]", "(0010,2000) LO [ABZESS]", "(0010,2110) LO [BARIUMSULFAT]", "(0020,000d) UI [1.2.276.0.7230010.3.2.102]", "(0032,1032) PN [NEWMAN]", "(0032,1060) LO [EXAM5464]", "(0040,0100) SQ (Sequence with explicit length", "(fffe,e0dd) na (SequenceDelimitationItem for re-encod.)", "(0040,1001) SH [RP488M9439]", "(0040,1003) SH [HIGH]"]]