[["(0008,0050) SH [00008 ]", "(0010,0010) PN [BEETHOVEN^LUDWIG^VAN]", "(0010,0020) LO [BLV734623 ]", "(0010,0030) DA [18270326]", "(0010,0040) CS [M ]", "(0010,2000) LO [METASTASIS]", "(0010,2110) LO [THORIUM ]", "(0020,000d) UI [1.2.276.0.7230010.3.2.108]", "(0032,1032) PN [CLARK ]", "(0032,1060) LO [EXAM857 ]", "(0040,0100) SQ (Sequence with explicit length", "(fffe,e0dd) na (SequenceDelimitationItem for re-encod.)", "(0040,1001) SH [RP472 ]", "(0040,1003) SH [LOW ]"]]