[["(0008,0050) SH [00001 ]", "(0010,0010) PN [MOZART^WOLFGANG^AMADEUS ]", "(0010,0020) LO [MWA484763 ]", "(0010,0030) DA [17911205]", "(0010,0040) CS [M ]", "(0010,2000) LO [ABZESS]", "(0010,2110) LO [BARIUMSULFAT]", "(0020,000d) UI [1.2.276.0.7230010.3.2.110]", "(0032,1032) PN [MILLER]", "(0032,1060) LO [EXAM8 ]", "(0040,0100) SQ (Sequence with explicit length", "(fffe,e0dd) na (SequenceDelimitationItem for re-encod.)", "(0040,1001) SH [RP4474]", "(0040,1003) SH [LOW ]"]]